src/components/Navbar.tsx(492,20): error TS2339: Property 'external' does not exist on type '{ path: string; label: string; }'.
src/components/Navbar.tsx(721,20): error TS2339: Property 'external' does not exist on type '{ path: string; label: string; }'.
src/pages/Welcome.tsx(4,20): error TS2552: Cannot find name 'useNavigate'. Did you mean 'navigate'?
